[debug] [2026-07-07T10:25:57.278Z] ----------------------------------------------------------------------
[debug] [2026-07-07T10:25:57.280Z] Command:       C:\Program Files\nodejs\node.exe C:\Users\itspa\AppData\Roaming\npm\node_modules\firebase-tools\lib\bin\firebase.js deploy --only functions --project f1telementrydatabase
[debug] [2026-07-07T10:25:57.281Z] CLI Version:   15.22.4
[debug] [2026-07-07T10:25:57.281Z] Platform:      win32
[debug] [2026-07-07T10:25:57.281Z] Node Version:  v24.11.0
[debug] [2026-07-07T10:25:57.281Z] Detected Agent: unknown
[debug] [2026-07-07T10:25:57.281Z] Time:          Tue Jul 07 2026 18:25:57 GMT+0800 (Singapore Standard Time)
[debug] [2026-07-07T10:25:57.281Z] ----------------------------------------------------------------------
[debug] 
[debug] [2026-07-07T10:26:01.323Z] > command requires scopes: ["email","openid","https://www.googleapis.com/auth/cloudplatformprojects.readonly","https://www.googleapis.com/auth/firebase","https://www.googleapis.com/auth/cloud-platform"]
[debug] [2026-07-07T10:26:01.323Z] > authorizing via signed-in user (itspanda360lol@gmail.com)
[debug] [2026-07-07T10:26:01.323Z] [iam] checking project f1telementrydatabase for permissions ["cloudfunctions.functions.create","cloudfunctions.functions.delete","cloudfunctions.functions.get","cloudfunctions.functions.list","cloudfunctions.functions.update","cloudfunctions.operations.get","firebase.projects.get"]
[debug] [2026-07-07T10:26:01.325Z] Checked if tokens are valid: true, expires at: 1783422724146
[debug] [2026-07-07T10:26:01.325Z] Checked if tokens are valid: true, expires at: 1783422724146
[debug] [2026-07-07T10:26:01.326Z] >>> [apiv2][query] POST https://cloudresourcemanager.googleapis.com/v1/projects/f1telementrydatabase:testIamPermissions [none]
[debug] [2026-07-07T10:26:01.326Z] >>> [apiv2][(partial)header] POST https://cloudresourcemanager.googleapis.com/v1/projects/f1telementrydatabase:testIamPermissions  x-goog-user-project=f1telementrydatabase
[debug] [2026-07-07T10:26:01.327Z] >>> [apiv2][body] POST https://cloudresourcemanager.googleapis.com/v1/projects/f1telementrydatabase:testIamPermissions {"permissions":["cloudfunctions.functions.create","cloudfunctions.functions.delete","cloudfunctions.functions.get","cloudfunctions.functions.list","cloudfunctions.functions.update","cloudfunctions.operations.get","firebase.projects.get"]}
[debug] [2026-07-07T10:26:02.482Z] <<< [apiv2][status] POST https://cloudresourcemanager.googleapis.com/v1/projects/f1telementrydatabase:testIamPermissions 200
[debug] [2026-07-07T10:26:02.482Z] <<< [apiv2][body] POST https://cloudresourcemanager.googleapis.com/v1/projects/f1telementrydatabase:testIamPermissions {"permissions":["cloudfunctions.functions.create","cloudfunctions.functions.delete","cloudfunctions.functions.get","cloudfunctions.functions.list","cloudfunctions.functions.update","cloudfunctions.operations.get","firebase.projects.get"]}
[debug] [2026-07-07T10:26:02.483Z] Checked if tokens are valid: true, expires at: 1783422724146
[debug] [2026-07-07T10:26:02.483Z] Checked if tokens are valid: true, expires at: 1783422724146
[debug] [2026-07-07T10:26:02.483Z] >>> [apiv2][query] POST https://iam.googleapis.com/v1/projects/f1telementrydatabase/serviceAccounts/f1telementrydatabase@appspot.gserviceaccount.com:testIamPermissions [none]
[debug] [2026-07-07T10:26:02.483Z] >>> [apiv2][body] POST https://iam.googleapis.com/v1/projects/f1telementrydatabase/serviceAccounts/f1telementrydatabase@appspot.gserviceaccount.com:testIamPermissions {"permissions":["iam.serviceAccounts.actAs"]}
[debug] [2026-07-07T10:26:03.791Z] <<< [apiv2][status] POST https://iam.googleapis.com/v1/projects/f1telementrydatabase/serviceAccounts/f1telementrydatabase@appspot.gserviceaccount.com:testIamPermissions 404
[debug] [2026-07-07T10:26:03.791Z] <<< [apiv2][body] POST https://iam.googleapis.com/v1/projects/f1telementrydatabase/serviceAccounts/f1telementrydatabase@appspot.gserviceaccount.com:testIamPermissions {"error":{"code":404,"message":"Unknown service account","status":"NOT_FOUND"}}
[debug] [2026-07-07T10:26:03.791Z] [functions] service account IAM check errored, deploy may fail: Request to https://iam.googleapis.com/v1/projects/f1telementrydatabase/serviceAccounts/f1telementrydatabase@appspot.gserviceaccount.com:testIamPermissions had HTTP Error: 404, Unknown service account {"name":"FirebaseError","children":[],"context":{"body":{"error":{"code":404,"message":"Unknown service account","status":"NOT_FOUND"}},"response":{"statusCode":404}},"exit":1,"message":"Request to https://iam.googleapis.com/v1/projects/f1telementrydatabase/serviceAccounts/f1telementrydatabase@appspot.gserviceaccount.com:testIamPermissions had HTTP Error: 404, Unknown service account","status":404}
[info] 
[info] === Deploying to 'f1telementrydatabase'...
[info] 
[info] i  deploying functions 
[debug] [2026-07-07T10:26:03.796Z] Checked if tokens are valid: true, expires at: 1783422724146
[debug] [2026-07-07T10:26:03.797Z] Checked if tokens are valid: true, expires at: 1783422724146
[debug] [2026-07-07T10:26:03.797Z] >>> [apiv2][query] GET https://cloudresourcemanager.googleapis.com/v1/projects/f1telementrydatabase [none]
[debug] [2026-07-07T10:26:04.072Z] <<< [apiv2][status] GET https://cloudresourcemanager.googleapis.com/v1/projects/f1telementrydatabase 200
[debug] [2026-07-07T10:26:04.072Z] <<< [apiv2][body] GET https://cloudresourcemanager.googleapis.com/v1/projects/f1telementrydatabase {"projectNumber":"917612684438","projectId":"f1telementrydatabase","lifecycleState":"ACTIVE","name":"f1telementrydatabase","labels":{"firebase":"enabled","firebase-core":"disabled"},"createTime":"2026-04-29T05:09:37.975Z"}
[info] i  functions: preparing codebase default for deployment 
[info] i  functions: ensuring required API cloudfunctions.googleapis.com is enabled... 
[debug] [2026-07-07T10:26:04.074Z] Checked if tokens are valid: true, expires at: 1783422724146
[debug] [2026-07-07T10:26:04.074Z] Checked if tokens are valid: true, expires at: 1783422724146
[debug] [2026-07-07T10:26:04.075Z] Checked if tokens are valid: true, expires at: 1783422724146
[debug] [2026-07-07T10:26:04.075Z] Checked if tokens are valid: true, expires at: 1783422724146
[info] i  functions: ensuring required API cloudbuild.googleapis.com is enabled... 
[debug] [2026-07-07T10:26:04.076Z] Checked if tokens are valid: true, expires at: 1783422724146
[debug] [2026-07-07T10:26:04.076Z] Checked if tokens are valid: true, expires at: 1783422724146
[info] i  artifactregistry: ensuring required API artifactregistry.googleapis.com is enabled... 
[debug] [2026-07-07T10:26:04.077Z] Checked if tokens are valid: true, expires at: 1783422724146
[debug] [2026-07-07T10:26:04.077Z] Checked if tokens are valid: true, expires at: 1783422724146
[debug] [2026-07-07T10:26:04.077Z] >>> [apiv2][query] GET https://serviceusage.googleapis.com/v1/projects/f1telementrydatabase/services/cloudfunctions.googleapis.com [none]
[debug] [2026-07-07T10:26:04.078Z] >>> [apiv2][(partial)header] GET https://serviceusage.googleapis.com/v1/projects/f1telementrydatabase/services/cloudfunctions.googleapis.com  x-goog-user-project=f1telementrydatabase
[debug] [2026-07-07T10:26:04.079Z] >>> [apiv2][query] GET https://serviceusage.googleapis.com/v1/projects/f1telementrydatabase/services/runtimeconfig.googleapis.com [none]
[debug] [2026-07-07T10:26:04.079Z] >>> [apiv2][(partial)header] GET https://serviceusage.googleapis.com/v1/projects/f1telementrydatabase/services/runtimeconfig.googleapis.com  x-goog-user-project=f1telementrydatabase
[debug] [2026-07-07T10:26:04.080Z] >>> [apiv2][query] GET https://serviceusage.googleapis.com/v1/projects/f1telementrydatabase/services/cloudbuild.googleapis.com [none]
[debug] [2026-07-07T10:26:04.081Z] >>> [apiv2][(partial)header] GET https://serviceusage.googleapis.com/v1/projects/f1telementrydatabase/services/cloudbuild.googleapis.com  x-goog-user-project=f1telementrydatabase
[debug] [2026-07-07T10:26:04.081Z] >>> [apiv2][query] GET https://serviceusage.googleapis.com/v1/projects/f1telementrydatabase/services/artifactregistry.googleapis.com [none]
[debug] [2026-07-07T10:26:04.082Z] >>> [apiv2][(partial)header] GET https://serviceusage.googleapis.com/v1/projects/f1telementrydatabase/services/artifactregistry.googleapis.com  x-goog-user-project=f1telementrydatabase
[debug] [2026-07-07T10:26:05.446Z] <<< [apiv2][status] GET https://serviceusage.googleapis.com/v1/projects/f1telementrydatabase/services/cloudbuild.googleapis.com 200
[debug] [2026-07-07T10:26:05.446Z] <<< [apiv2][body] GET https://serviceusage.googleapis.com/v1/projects/f1telementrydatabase/services/cloudbuild.googleapis.com [omitted]
[warn] !  functions: missing required API cloudbuild.googleapis.com. Enabling now... 
[debug] [2026-07-07T10:26:05.447Z] Checked if tokens are valid: true, expires at: 1783422724146
[debug] [2026-07-07T10:26:05.447Z] Checked if tokens are valid: true, expires at: 1783422724146
[debug] [2026-07-07T10:26:05.447Z] >>> [apiv2][query] POST https://serviceusage.googleapis.com/v1/projects/f1telementrydatabase/services/cloudbuild.googleapis.com:enable [none]
[debug] [2026-07-07T10:26:05.447Z] >>> [apiv2][(partial)header] POST https://serviceusage.googleapis.com/v1/projects/f1telementrydatabase/services/cloudbuild.googleapis.com:enable  x-goog-user-project=f1telementrydatabase
[debug] [2026-07-07T10:26:05.460Z] <<< [apiv2][status] GET https://serviceusage.googleapis.com/v1/projects/f1telementrydatabase/services/cloudfunctions.googleapis.com 200
[debug] [2026-07-07T10:26:05.460Z] <<< [apiv2][body] GET https://serviceusage.googleapis.com/v1/projects/f1telementrydatabase/services/cloudfunctions.googleapis.com [omitted]
[warn] !  functions: missing required API cloudfunctions.googleapis.com. Enabling now... 
[debug] [2026-07-07T10:26:05.461Z] Checked if tokens are valid: true, expires at: 1783422724146
[debug] [2026-07-07T10:26:05.461Z] Checked if tokens are valid: true, expires at: 1783422724146
[debug] [2026-07-07T10:26:05.461Z] >>> [apiv2][query] POST https://serviceusage.googleapis.com/v1/projects/f1telementrydatabase/services/cloudfunctions.googleapis.com:enable [none]
[debug] [2026-07-07T10:26:05.461Z] >>> [apiv2][(partial)header] POST https://serviceusage.googleapis.com/v1/projects/f1telementrydatabase/services/cloudfunctions.googleapis.com:enable  x-goog-user-project=f1telementrydatabase
[debug] [2026-07-07T10:26:05.465Z] <<< [apiv2][status] GET https://serviceusage.googleapis.com/v1/projects/f1telementrydatabase/services/runtimeconfig.googleapis.com 200
[debug] [2026-07-07T10:26:05.465Z] <<< [apiv2][body] GET https://serviceusage.googleapis.com/v1/projects/f1telementrydatabase/services/runtimeconfig.googleapis.com [omitted]
[debug] [2026-07-07T10:26:05.517Z] <<< [apiv2][status] GET https://serviceusage.googleapis.com/v1/projects/f1telementrydatabase/services/artifactregistry.googleapis.com 200
[debug] [2026-07-07T10:26:05.517Z] <<< [apiv2][body] GET https://serviceusage.googleapis.com/v1/projects/f1telementrydatabase/services/artifactregistry.googleapis.com [omitted]
[warn] !  artifactregistry: missing required API artifactregistry.googleapis.com. Enabling now... 
[debug] [2026-07-07T10:26:05.517Z] Checked if tokens are valid: true, expires at: 1783422724146
[debug] [2026-07-07T10:26:05.517Z] Checked if tokens are valid: true, expires at: 1783422724146
[debug] [2026-07-07T10:26:05.517Z] >>> [apiv2][query] POST https://serviceusage.googleapis.com/v1/projects/f1telementrydatabase/services/artifactregistry.googleapis.com:enable [none]
[debug] [2026-07-07T10:26:05.517Z] >>> [apiv2][(partial)header] POST https://serviceusage.googleapis.com/v1/projects/f1telementrydatabase/services/artifactregistry.googleapis.com:enable  x-goog-user-project=f1telementrydatabase
[debug] [2026-07-07T10:26:06.001Z] <<< [apiv2][status] POST https://serviceusage.googleapis.com/v1/projects/f1telementrydatabase/services/cloudbuild.googleapis.com:enable 200
[debug] [2026-07-07T10:26:06.001Z] <<< [apiv2][body] POST https://serviceusage.googleapis.com/v1/projects/f1telementrydatabase/services/cloudbuild.googleapis.com:enable [omitted]
[debug] [2026-07-07T10:26:07.026Z] <<< [apiv2][status] POST https://serviceusage.googleapis.com/v1/projects/f1telementrydatabase/services/artifactregistry.googleapis.com:enable 200
[debug] [2026-07-07T10:26:07.027Z] <<< [apiv2][body] POST https://serviceusage.googleapis.com/v1/projects/f1telementrydatabase/services/artifactregistry.googleapis.com:enable [omitted]
[debug] [2026-07-07T10:26:07.132Z] <<< [apiv2][status] POST https://serviceusage.googleapis.com/v1/projects/f1telementrydatabase/services/cloudfunctions.googleapis.com:enable 200
[debug] [2026-07-07T10:26:07.132Z] <<< [apiv2][body] POST https://serviceusage.googleapis.com/v1/projects/f1telementrydatabase/services/cloudfunctions.googleapis.com:enable [omitted]
[debug] [2026-07-07T10:26:17.143Z] Checked if tokens are valid: true, expires at: 1783422724146
[debug] [2026-07-07T10:26:17.144Z] Checked if tokens are valid: true, expires at: 1783422724146
[debug] [2026-07-07T10:26:17.144Z] >>> [apiv2][query] GET https://firebase.googleapis.com/v1beta1/projects/f1telementrydatabase/adminSdkConfig [none]
[debug] [2026-07-07T10:26:17.519Z] <<< [apiv2][status] GET https://firebase.googleapis.com/v1beta1/projects/f1telementrydatabase/adminSdkConfig 200
[debug] [2026-07-07T10:26:17.520Z] <<< [apiv2][body] GET https://firebase.googleapis.com/v1beta1/projects/f1telementrydatabase/adminSdkConfig {"projectId":"f1telementrydatabase","databaseURL":"https://f1telementrydatabase-default-rtdb.asia-southeast1.firebasedatabase.app","storageBucket":"f1telementrydatabase.firebasestorage.app"}
[debug] [2026-07-07T10:26:17.520Z] Checked if tokens are valid: true, expires at: 1783422724146
[debug] [2026-07-07T10:26:17.520Z] Checked if tokens are valid: true, expires at: 1783422724146
[debug] [2026-07-07T10:26:17.521Z] >>> [apiv2][query] GET https://runtimeconfig.googleapis.com/v1beta1/projects/f1telementrydatabase/configs [none]
[debug] [2026-07-07T10:26:17.982Z] <<< [apiv2][status] GET https://runtimeconfig.googleapis.com/v1beta1/projects/f1telementrydatabase/configs 200
[debug] [2026-07-07T10:26:17.982Z] <<< [apiv2][body] GET https://runtimeconfig.googleapis.com/v1beta1/projects/f1telementrydatabase/configs {}
[debug] [2026-07-07T10:26:17.984Z] Validating nodejs source
[warn] !  functions: Runtime Node.js 20 was deprecated on 2026-04-30 and will be decommissioned on 2026-10-30, after which you will not be able to deploy without upgrading. Consider upgrading now to avoid disruption. See https://cloud.google.com/functions/docs/runtime-support for full details on the lifecycle policy 
[warn] !  functions: Couldn't find firebase-functions package in your source code. Have you run 'npm install'? 
[debug] [2026-07-07T10:26:17.987Z] getFunctionsSDKVersion encountered error: Cannot find module 'firebase-functions'
Require stack:
- C:\Users\itspa\AppData\Roaming\npm\node_modules\firebase-tools\lib\deploy\functions\runtimes\node\versioning.js
- C:\Users\itspa\AppData\Roaming\npm\node_modules\firebase-tools\lib\deploy\functions\runtimes\node\index.js
- C:\Users\itspa\AppData\Roaming\npm\node_modules\firebase-tools\lib\deploy\functions\runtimes\index.js
- C:\Users\itspa\AppData\Roaming\npm\node_modules\firebase-tools\lib\deploy\functions\prepare.js
- C:\Users\itspa\AppData\Roaming\npm\node_modules\firebase-tools\lib\emulator\functionsEmulatorShared.js
- C:\Users\itspa\AppData\Roaming\npm\node_modules\firebase-tools\lib\frameworks\index.js
- C:\Users\itspa\AppData\Roaming\npm\node_modules\firebase-tools\lib\deploy\hosting\prepare.js
- C:\Users\itspa\AppData\Roaming\npm\node_modules\firebase-tools\lib\deploy\hosting\index.js
- C:\Users\itspa\AppData\Roaming\npm\node_modules\firebase-tools\lib\deploy\index.js
- C:\Users\itspa\AppData\Roaming\npm\node_modules\firebase-tools\lib\commands\deploy.js
- C:\Users\itspa\AppData\Roaming\npm\node_modules\firebase-tools\lib\commands\index.js
- C:\Users\itspa\AppData\Roaming\npm\node_modules\firebase-tools\lib\index.js
- C:\Users\itspa\AppData\Roaming\npm\node_modules\firebase-tools\lib\bin\cli.js
- C:\Users\itspa\AppData\Roaming\npm\node_modules\firebase-tools\lib\bin\firebase.js {"code":"MODULE_NOT_FOUND","requireStack":["C:\\Users\\itspa\\AppData\\Roaming\\npm\\node_modules\\firebase-tools\\lib\\deploy\\functions\\runtimes\\node\\versioning.js","C:\\Users\\itspa\\AppData\\Roaming\\npm\\node_modules\\firebase-tools\\lib\\deploy\\functions\\runtimes\\node\\index.js","C:\\Users\\itspa\\AppData\\Roaming\\npm\\node_modules\\firebase-tools\\lib\\deploy\\functions\\runtimes\\index.js","C:\\Users\\itspa\\AppData\\Roaming\\npm\\node_modules\\firebase-tools\\lib\\deploy\\functions\\prepare.js","C:\\Users\\itspa\\AppData\\Roaming\\npm\\node_modules\\firebase-tools\\lib\\emulator\\functionsEmulatorShared.js","C:\\Users\\itspa\\AppData\\Roaming\\npm\\node_modules\\firebase-tools\\lib\\frameworks\\index.js","C:\\Users\\itspa\\AppData\\Roaming\\npm\\node_modules\\firebase-tools\\lib\\deploy\\hosting\\prepare.js","C:\\Users\\itspa\\AppData\\Roaming\\npm\\node_modules\\firebase-tools\\lib\\deploy\\hosting\\index.js","C:\\Users\\itspa\\AppData\\Roaming\\npm\\node_modules\\firebase-tools\\lib\\deploy\\index.js","C:\\Users\\itspa\\AppData\\Roaming\\npm\\node_modules\\firebase-tools\\lib\\commands\\deploy.js","C:\\Users\\itspa\\AppData\\Roaming\\npm\\node_modules\\firebase-tools\\lib\\commands\\index.js","C:\\Users\\itspa\\AppData\\Roaming\\npm\\node_modules\\firebase-tools\\lib\\index.js","C:\\Users\\itspa\\AppData\\Roaming\\npm\\node_modules\\firebase-tools\\lib\\bin\\cli.js","C:\\Users\\itspa\\AppData\\Roaming\\npm\\node_modules\\firebase-tools\\lib\\bin\\firebase.js"]}
[debug] [2026-07-07T10:26:17.990Z] checkFunctionsSDKVersion encountered error: Invalid Version:  {}
[debug] [2026-07-07T10:26:17.992Z] > [functions] package.json contents: {
  "name": "f1-telemetry-functions",
  "type": "module",
  "main": "src/index.js",
  "engines": {
    "node": "20"
  },
  "scripts": {
    "test": "vitest --run",
    "serve": "firebase emulators:start --only functions",
    "deploy": "firebase deploy --only functions"
  },
  "dependencies": {
    "firebase-admin": "12.7.0",
    "firebase-functions": "6.3.0",
    "node-fetch": "3.3.2",
    "sharp": "0.33.5"
  },
  "devDependencies": {
    "fast-check": "3.23.2",
    "vitest": "3.1.4"
  }
}
[debug] [2026-07-07T10:26:17.992Z] Building nodejs source
[info] i  functions: Loading and analyzing source code for codebase default to determine what to deploy 
[debug] [2026-07-07T10:26:17.993Z] Could not parse firebase-functions version '' into semver.
[debug] [2026-07-07T10:26:17.994Z] Could not find functions.yaml. Must use http discovery
[debug] [2026-07-07T10:26:18.089Z] Error: Cannot find module 'firebase-functions'
Require stack:
- C:\Users\itspa\AppData\Roaming\npm\node_modules\firebase-tools\lib\deploy\functions\runtimes\node\index.js
- C:\Users\itspa\AppData\Roaming\npm\node_modules\firebase-tools\lib\deploy\functions\runtimes\index.js
- C:\Users\itspa\AppData\Roaming\npm\node_modules\firebase-tools\lib\deploy\functions\prepare.js
- C:\Users\itspa\AppData\Roaming\npm\node_modules\firebase-tools\lib\emulator\functionsEmulatorShared.js
- C:\Users\itspa\AppData\Roaming\npm\node_modules\firebase-tools\lib\frameworks\index.js
- C:\Users\itspa\AppData\Roaming\npm\node_modules\firebase-tools\lib\deploy\hosting\prepare.js
- C:\Users\itspa\AppData\Roaming\npm\node_modules\firebase-tools\lib\deploy\hosting\index.js
- C:\Users\itspa\AppData\Roaming\npm\node_modules\firebase-tools\lib\deploy\index.js
- C:\Users\itspa\AppData\Roaming\npm\node_modules\firebase-tools\lib\commands\deploy.js
- C:\Users\itspa\AppData\Roaming\npm\node_modules\firebase-tools\lib\commands\index.js
- C:\Users\itspa\AppData\Roaming\npm\node_modules\firebase-tools\lib\index.js
- C:\Users\itspa\AppData\Roaming\npm\node_modules\firebase-tools\lib\bin\cli.js
- C:\Users\itspa\AppData\Roaming\npm\node_modules\firebase-tools\lib\bin\firebase.js
    at Module._resolveFilename (node:internal/modules/cjs/loader:1420:15)
    at require.resolve (node:internal/modules/helpers:163:19)
    at Delegate.findFunctionsBinary (C:\Users\itspa\AppData\Roaming\npm\node_modules\firebase-tools\lib\deploy\functions\runtimes\node\index.js:101:33)
    at Delegate.spawnFunctionsProcess (C:\Users\itspa\AppData\Roaming\npm\node_modules\firebase-tools\lib\deploy\functions\runtimes\node\index.js:131:30)
    at Delegate.serveAdmin (C:\Users\itspa\AppData\Roaming\npm\node_modules\firebase-tools\lib\deploy\functions\runtimes\node\index.js:152:35)
    at Delegate.discoverBuild (C:\Users\itspa\AppData\Roaming\npm\node_modules\firebase-tools\lib\deploy\functions\runtimes\node\index.js:192:41)
    at process.processTicksAndRejections (node:internal/process/task_queues:105:5)
    at async loadCodebases (C:\Users\itspa\AppData\Roaming\npm\node_modules\firebase-tools\lib\deploy\functions\prepare.js:393:33)
    at async prepare (C:\Users\itspa\AppData\Roaming\npm\node_modules\firebase-tools\lib\deploy\functions\prepare.js:74:24)
    at async chain (C:\Users\itspa\AppData\Roaming\npm\node_modules\firebase-tools\lib\deploy\index.js:45:9)
[error] 
[error] Error: An unexpected error has occurred.
[debug] [2026-07-07T10:31:16.956Z] ----------------------------------------------------------------------
[debug] [2026-07-07T10:31:16.959Z] Command:       C:\Program Files\nodejs\node.exe C:\Users\itspa\AppData\Roaming\npm\node_modules\firebase-tools\lib\bin\firebase.js deploy --only functions --project f1telementrydatabase
[debug] [2026-07-07T10:31:16.960Z] CLI Version:   15.22.4
[debug] [2026-07-07T10:31:16.960Z] Platform:      win32
[debug] [2026-07-07T10:31:16.960Z] Node Version:  v24.11.0
[debug] [2026-07-07T10:31:16.960Z] Detected Agent: unknown
[debug] [2026-07-07T10:31:16.961Z] Time:          Tue Jul 07 2026 18:31:16 GMT+0800 (Singapore Standard Time)
[debug] [2026-07-07T10:31:16.961Z] ----------------------------------------------------------------------
[debug] 
[debug] [2026-07-07T10:31:21.177Z] > command requires scopes: ["email","openid","https://www.googleapis.com/auth/cloudplatformprojects.readonly","https://www.googleapis.com/auth/firebase","https://www.googleapis.com/auth/cloud-platform"]
[debug] [2026-07-07T10:31:21.177Z] > authorizing via signed-in user (itspanda360lol@gmail.com)
[debug] [2026-07-07T10:31:21.177Z] [iam] checking project f1telementrydatabase for permissions ["cloudfunctions.functions.create","cloudfunctions.functions.delete","cloudfunctions.functions.get","cloudfunctions.functions.list","cloudfunctions.functions.update","cloudfunctions.operations.get","firebase.projects.get"]
[debug] [2026-07-07T10:31:21.179Z] Checked if tokens are valid: true, expires at: 1783422724146
[debug] [2026-07-07T10:31:21.180Z] Checked if tokens are valid: true, expires at: 1783422724146
[debug] [2026-07-07T10:31:21.180Z] >>> [apiv2][query] POST https://cloudresourcemanager.googleapis.com/v1/projects/f1telementrydatabase:testIamPermissions [none]
[debug] [2026-07-07T10:31:21.181Z] >>> [apiv2][(partial)header] POST https://cloudresourcemanager.googleapis.com/v1/projects/f1telementrydatabase:testIamPermissions  x-goog-user-project=f1telementrydatabase
[debug] [2026-07-07T10:31:21.181Z] >>> [apiv2][body] POST https://cloudresourcemanager.googleapis.com/v1/projects/f1telementrydatabase:testIamPermissions {"permissions":["cloudfunctions.functions.create","cloudfunctions.functions.delete","cloudfunctions.functions.get","cloudfunctions.functions.list","cloudfunctions.functions.update","cloudfunctions.operations.get","firebase.projects.get"]}
[debug] [2026-07-07T10:31:22.331Z] <<< [apiv2][status] POST https://cloudresourcemanager.googleapis.com/v1/projects/f1telementrydatabase:testIamPermissions 200
[debug] [2026-07-07T10:31:22.332Z] <<< [apiv2][body] POST https://cloudresourcemanager.googleapis.com/v1/projects/f1telementrydatabase:testIamPermissions {"permissions":["cloudfunctions.functions.create","cloudfunctions.functions.delete","cloudfunctions.functions.get","cloudfunctions.functions.list","cloudfunctions.functions.update","cloudfunctions.operations.get","firebase.projects.get"]}
[debug] [2026-07-07T10:31:22.332Z] Checked if tokens are valid: true, expires at: 1783422724146
[debug] [2026-07-07T10:31:22.332Z] Checked if tokens are valid: true, expires at: 1783422724146
[debug] [2026-07-07T10:31:22.332Z] >>> [apiv2][query] POST https://iam.googleapis.com/v1/projects/f1telementrydatabase/serviceAccounts/f1telementrydatabase@appspot.gserviceaccount.com:testIamPermissions [none]
[debug] [2026-07-07T10:31:22.332Z] >>> [apiv2][body] POST https://iam.googleapis.com/v1/projects/f1telementrydatabase/serviceAccounts/f1telementrydatabase@appspot.gserviceaccount.com:testIamPermissions {"permissions":["iam.serviceAccounts.actAs"]}
[debug] [2026-07-07T10:31:22.630Z] <<< [apiv2][status] POST https://iam.googleapis.com/v1/projects/f1telementrydatabase/serviceAccounts/f1telementrydatabase@appspot.gserviceaccount.com:testIamPermissions 200
[debug] [2026-07-07T10:31:22.630Z] <<< [apiv2][body] POST https://iam.googleapis.com/v1/projects/f1telementrydatabase/serviceAccounts/f1telementrydatabase@appspot.gserviceaccount.com:testIamPermissions {"permissions":["iam.serviceAccounts.actAs"]}
[info] 
[info] === Deploying to 'f1telementrydatabase'...
[info] 
[info] i  deploying functions 
[debug] [2026-07-07T10:31:22.635Z] Checked if tokens are valid: true, expires at: 1783422724146
[debug] [2026-07-07T10:31:22.635Z] Checked if tokens are valid: true, expires at: 1783422724146
[debug] [2026-07-07T10:31:22.635Z] >>> [apiv2][query] GET https://cloudresourcemanager.googleapis.com/v1/projects/f1telementrydatabase [none]
[debug] [2026-07-07T10:31:22.892Z] <<< [apiv2][status] GET https://cloudresourcemanager.googleapis.com/v1/projects/f1telementrydatabase 200
[debug] [2026-07-07T10:31:22.892Z] <<< [apiv2][body] GET https://cloudresourcemanager.googleapis.com/v1/projects/f1telementrydatabase {"projectNumber":"917612684438","projectId":"f1telementrydatabase","lifecycleState":"ACTIVE","name":"f1telementrydatabase","labels":{"firebase":"enabled","firebase-core":"disabled"},"createTime":"2026-04-29T05:09:37.975Z"}
[info] i  functions: preparing codebase default for deployment 
[info] i  functions: ensuring required API cloudfunctions.googleapis.com is enabled... 
[info] i  functions: ensuring required API cloudbuild.googleapis.com is enabled... 
[info] i  artifactregistry: ensuring required API artifactregistry.googleapis.com is enabled... 
[debug] [2026-07-07T10:31:22.897Z] Checked if tokens are valid: true, expires at: 1783422724146
[debug] [2026-07-07T10:31:22.897Z] Checked if tokens are valid: true, expires at: 1783422724146
[debug] [2026-07-07T10:31:22.897Z] >>> [apiv2][query] GET https://firebase.googleapis.com/v1beta1/projects/f1telementrydatabase/adminSdkConfig [none]
[debug] [2026-07-07T10:31:23.291Z] <<< [apiv2][status] GET https://firebase.googleapis.com/v1beta1/projects/f1telementrydatabase/adminSdkConfig 200
[debug] [2026-07-07T10:31:23.292Z] <<< [apiv2][body] GET https://firebase.googleapis.com/v1beta1/projects/f1telementrydatabase/adminSdkConfig {"projectId":"f1telementrydatabase","databaseURL":"https://f1telementrydatabase-default-rtdb.asia-southeast1.firebasedatabase.app","storageBucket":"f1telementrydatabase.firebasestorage.app"}
[debug] [2026-07-07T10:31:23.292Z] Checked if tokens are valid: true, expires at: 1783422724146
[debug] [2026-07-07T10:31:23.292Z] Checked if tokens are valid: true, expires at: 1783422724146
[debug] [2026-07-07T10:31:23.292Z] >>> [apiv2][query] GET https://runtimeconfig.googleapis.com/v1beta1/projects/f1telementrydatabase/configs [none]
[debug] [2026-07-07T10:31:23.595Z] <<< [apiv2][status] GET https://runtimeconfig.googleapis.com/v1beta1/projects/f1telementrydatabase/configs 200
[debug] [2026-07-07T10:31:23.596Z] <<< [apiv2][body] GET https://runtimeconfig.googleapis.com/v1beta1/projects/f1telementrydatabase/configs {}
[debug] [2026-07-07T10:31:23.597Z] Validating nodejs source
[warn] !  functions: Runtime Node.js 20 was deprecated on 2026-04-30 and will be decommissioned on 2026-10-30, after which you will not be able to deploy without upgrading. Consider upgrading now to avoid disruption. See https://cloud.google.com/functions/docs/runtime-support for full details on the lifecycle policy 
[warn] !  functions: package.json indicates an outdated version of firebase-functions. Please upgrade using npm install --save firebase-functions@latest in your functions directory. 
[warn] !  functions: Please note that there will be breaking changes when you upgrade. 
[debug] [2026-07-07T10:31:26.123Z] > [functions] package.json contents: {
  "name": "f1-telemetry-functions",
  "type": "module",
  "main": "src/index.js",
  "engines": {
    "node": "20"
  },
  "scripts": {
    "test": "vitest --run",
    "serve": "firebase emulators:start --only functions",
    "deploy": "firebase deploy --only functions"
  },
  "dependencies": {
    "firebase-admin": "12.7.0",
    "firebase-functions": "6.3.0",
    "node-fetch": "3.3.2",
    "sharp": "0.33.5"
  },
  "devDependencies": {
    "fast-check": "3.23.2",
    "vitest": "3.1.4"
  }
}
[debug] [2026-07-07T10:31:26.123Z] Building nodejs source
[info] i  functions: Loading and analyzing source code for codebase default to determine what to deploy 
[debug] [2026-07-07T10:31:26.124Z] Could not find functions.yaml. Must use http discovery
[debug] [2026-07-07T10:31:26.144Z] Found firebase-functions binary at 'C:\FYP2\F1-25-Game-Telemetry-Platform-Development\functions\node_modules\.bin\firebase-functions'
[info] Serving at port 8437

[debug] [2026-07-07T10:31:29.541Z] Got response from /__/functions.yaml {"endpoints":{"generateRacingSuit":{"availableMemoryMb":512,"timeoutSeconds":120,"minInstances":null,"maxInstances":10,"ingressSettings":null,"concurrency":null,"serviceAccountEmail":null,"vpc":null,"platform":"gcfv2","region":["asia-southeast1"],"labels":{},"httpsTrigger":{"invoker":["public"]},"entryPoint":"generateRacingSuit"}},"specVersion":"v1alpha1","requiredAPIs":[],"extensions":{}}
[debug] [2026-07-07T10:31:33.583Z] Checked if tokens are valid: true, expires at: 1783422724146
[debug] [2026-07-07T10:31:33.583Z] Checked if tokens are valid: true, expires at: 1783422724146
[debug] [2026-07-07T10:31:33.583Z] >>> [apiv2][query] GET https://cloudfunctions.googleapis.com/v1/projects/f1telementrydatabase/locations/-/functions [none]
[debug] [2026-07-07T10:31:34.305Z] <<< [apiv2][status] GET https://cloudfunctions.googleapis.com/v1/projects/f1telementrydatabase/locations/-/functions 200
[debug] [2026-07-07T10:31:34.305Z] <<< [apiv2][body] GET https://cloudfunctions.googleapis.com/v1/projects/f1telementrydatabase/locations/-/functions {}
[debug] [2026-07-07T10:31:34.305Z] Checked if tokens are valid: true, expires at: 1783422724146
[debug] [2026-07-07T10:31:34.305Z] Checked if tokens are valid: true, expires at: 1783422724146
[debug] [2026-07-07T10:31:34.306Z] >>> [apiv2][query] GET https://cloudfunctions.googleapis.com/v2/projects/f1telementrydatabase/locations/-/functions filter=environment%3D%22GEN_2%22
[debug] [2026-07-07T10:31:35.913Z] <<< [apiv2][status] GET https://cloudfunctions.googleapis.com/v2/projects/f1telementrydatabase/locations/-/functions 200
[debug] [2026-07-07T10:31:35.913Z] <<< [apiv2][body] GET https://cloudfunctions.googleapis.com/v2/projects/f1telementrydatabase/locations/-/functions {}
[info] i  extensions: ensuring required API firebaseextensions.googleapis.com is enabled... 
[debug] [2026-07-07T10:31:35.916Z] Checked if tokens are valid: true, expires at: 1783422724146
[debug] [2026-07-07T10:31:35.916Z] Checked if tokens are valid: true, expires at: 1783422724146
[debug] [2026-07-07T10:31:35.917Z] >>> [apiv2][query] GET https://serviceusage.googleapis.com/v1/projects/f1telementrydatabase/services/firebaseextensions.googleapis.com [none]
[debug] [2026-07-07T10:31:35.917Z] >>> [apiv2][(partial)header] GET https://serviceusage.googleapis.com/v1/projects/f1telementrydatabase/services/firebaseextensions.googleapis.com  x-goog-user-project=f1telementrydatabase
[debug] [2026-07-07T10:31:37.403Z] <<< [apiv2][status] GET https://serviceusage.googleapis.com/v1/projects/f1telementrydatabase/services/firebaseextensions.googleapis.com 200
[debug] [2026-07-07T10:31:37.403Z] <<< [apiv2][body] GET https://serviceusage.googleapis.com/v1/projects/f1telementrydatabase/services/firebaseextensions.googleapis.com [omitted]
[warn] !  extensions: missing required API firebaseextensions.googleapis.com. Enabling now... 
[debug] [2026-07-07T10:31:37.404Z] Checked if tokens are valid: true, expires at: 1783422724146
[debug] [2026-07-07T10:31:37.404Z] Checked if tokens are valid: true, expires at: 1783422724146
[debug] [2026-07-07T10:31:37.405Z] >>> [apiv2][query] POST https://serviceusage.googleapis.com/v1/projects/f1telementrydatabase/services/firebaseextensions.googleapis.com:enable [none]
[debug] [2026-07-07T10:31:37.405Z] >>> [apiv2][(partial)header] POST https://serviceusage.googleapis.com/v1/projects/f1telementrydatabase/services/firebaseextensions.googleapis.com:enable  x-goog-user-project=f1telementrydatabase
[debug] [2026-07-07T10:31:39.034Z] <<< [apiv2][status] POST https://serviceusage.googleapis.com/v1/projects/f1telementrydatabase/services/firebaseextensions.googleapis.com:enable 200
[debug] [2026-07-07T10:31:39.034Z] <<< [apiv2][body] POST https://serviceusage.googleapis.com/v1/projects/f1telementrydatabase/services/firebaseextensions.googleapis.com:enable [omitted]
